// Jest Snapshot v1, https://goo.gl/fbAQLP

exports[`Pruebas en <AddTodo /> debe de mostrarse correctamente 1`] = `
<Fragment>
  <h4>
    Agregar To Do
  </h4>
  <hr />
  <form
    onSubmit={[Function]}
  >
    <input
      autoComplete="off"
      className="form-control"
      name="description"
      onChange={[Function]}
      placeholder="add To Do"
      type="text"
      value=""
    />
    <button
      className="btn btn-outline-primary col-12 mt-1"
      type="submit"
    >
      Agregar
    </button>
  </form>
</Fragment>
`;
